// Jest Snapshot v1, https://goo.gl/fbAQLP

exports[`RateScreen renders all inputs as expected 1`] = `
<View
  style={
    Object {
      "alignItems": "center",
      "height": "100%",
    }
  }
>
  <View
    style={
      Object {
        "backgroundColor": "#fff",
        "borderRadius": 4,
        "height": "auto",
        "marginHorizontal": 8,
        "marginTop": 10,
        "padding": 16,
        "shadowColor": "rgba(96,96,96,1)",
        "shadowOffset": Object {
          "height": 4,
          "width": 0,
        },
        "shadowOpacity": 0.13,
        "shadowRadius": 4,
        "width": "95%",
      }
    }
  >
    <View
      style={
        Object {
          "flexDirection": "row",
          "marginHorizontal": 10,
        }
      }
    >
      <Text
        style={
          Object {
            "color": "#666",
            "fontWeight": "bold",
          }
        }
      >
        COMP SCI 506
      </Text>
      <View
        style={
          Object {
            "position": "absolute",
            "right": -5,
          }
        }
      />
    </View>
    <View
      style={
        Object {
          "backgroundColor": "#fafafa",
          "borderRadius": 4,
          "marginBottom": 10,
          "marginTop": 15,
          "padding": 10,
          "width": "100%",
        }
      }
    >
      <TextInput
        allowFontScaling={true}
        multiline={true}
        onChangeText={[Function]}
        onContentSizeChange={[Function]}
        placeholder="Type here"
        rejectResponderTermination={true}
        underlineColorAndroid="transparent"
      />
    </View>
  </View>
  <View
    style={
      Object {
        "backgroundColor": "#6200ee",
        "borderColor": "transparent",
        "borderRadius": 4,
        "borderStyle": "solid",
        "borderWidth": 0,
        "elevation": 2,
        "marginVertical": 13,
        "minWidth": 64,
        "padding": 2,
        "shadowColor": "rgba(96,96,96,1)",
        "shadowOffset": Object {
          "height": 4,
          "width": 0,
        },
        "shadowOpacity": 0.13,
        "shadowRadius": 4,
        "width": "95%",
      }
    }
  >
    <View
      accessibilityRole="button"
      accessibilityStates={Array []}
      accessible={true}
      focusable={true}
      isTVSelectable={true}
      onClick={[Function]}
      onResponderGrant={[Function]}
      onResponderMove={[Function]}
      onResponderRelease={[Function]}
      onResponderTerminate={[Function]}
      onResponderTerminationRequest={[Function]}
      onStartShouldSetResponder={[Function]}
      style={
        Array [
          Object {
            "overflow": "hidden",
          },
          Object {
            "borderRadius": 4,
          },
        ]
      }
    >
      <View
        style={
          Array [
            Object {
              "alignItems": "center",
              "flexDirection": "row",
              "justifyContent": "center",
            },
            undefined,
          ]
        }
      >
        <Text
          numberOfLines={1}
          style={
            Array [
              Object {
                "color": "#000000",
                "fontFamily": "System",
                "fontWeight": "400",
                "textAlign": "left",
              },
              Array [
                Object {
                  "letterSpacing": 1,
                  "marginHorizontal": 16,
                  "marginVertical": 9,
                  "textAlign": "center",
                },
                undefined,
                Object {
                  "textTransform": "uppercase",
                },
                Object {
                  "color": "#ffffff",
                  "fontFamily": "System",
                  "fontWeight": "500",
                },
                Object {
                  "fontFamily": "System",
                  "fontWeight": "500",
                },
                undefined,
              ],
            ]
          }
        >
          SUBMIT
        </Text>
      </View>
    </View>
  </View>
</View>
`;
