// Jest Snapshot v1, https://goo.gl/fbAQLP

exports[`SavedScreen renders all inputs as expected 1`] = `
<View>
  <View
    style={
      Array [
        Object {
          "alignItems": "center",
          "justifyContent": "center",
        },
        Object {
          "alignSelf": "center",
          "marginTop": "40%",
          "position": "absolute",
        },
      ]
    }
  >
    <View
      style={
        Object {
          "height": 60,
          "opacity": 1,
          "width": 60,
        }
      }
    >
      <View
        style={
          Object {
            "alignItems": "center",
            "bottom": 0,
            "justifyContent": "center",
            "left": 0,
            "position": "absolute",
            "right": 0,
            "top": 0,
          }
        }
      >
        <View
          style={
            Object {
              "height": 60,
              "transform": Array [
                Object {
                  "rotate": "45deg",
                },
              ],
              "width": 60,
            }
          }
        >
          <View
            collapsable={false}
            style={
              Object {
                "height": 30,
                "overflow": "hidden",
                "width": 60,
              }
            }
          >
            <View
              style={
                Object {
                  "height": 60,
                  "transform": Array [
                    Object {
                      "translateY": 0,
                    },
                    Object {
                      "rotate": "-165deg",
                    },
                  ],
                  "width": 60,
                }
              }
            >
              <View
                collapsable={false}
                style={
                  Object {
                    "height": 30,
                    "overflow": "hidden",
                    "width": 60,
                  }
                }
              >
                <View
                  style={
                    Object {
                      "borderColor": "#0000ff",
                      "borderRadius": 30,
                      "borderWidth": 6,
                      "height": 60,
                      "width": 60,
                    }
                  }
                />
              </View>
            </View>
          </View>
        </View>
      </View>
      <View
        style={
          Object {
            "alignItems": "center",
            "bottom": 0,
            "justifyContent": "center",
            "left": 0,
            "position": "absolute",
            "right": 0,
            "top": 0,
          }
        }
      >
        <View
          style={
            Object {
              "height": 60,
              "transform": Array [
                Object {
                  "rotate": "45deg",
                },
              ],
              "width": 60,
            }
          }
        >
          <View
            collapsable={false}
            style={
              Object {
                "height": 30,
                "overflow": "hidden",
                "top": 30,
                "width": 60,
              }
            }
          >
            <View
              style={
                Object {
                  "height": 60,
                  "transform": Array [
                    Object {
                      "translateY": -30,
                    },
                    Object {
                      "rotate": "345deg",
                    },
                  ],
                  "width": 60,
                }
              }
            >
              <View
                collapsable={false}
                style={
                  Object {
                    "height": 30,
                    "overflow": "hidden",
                    "width": 60,
                  }
                }
              >
                <View
                  style={
                    Object {
                      "borderColor": "#0000ff",
                      "borderRadius": 30,
                      "borderWidth": 6,
                      "height": 60,
                      "width": 60,
                    }
                  }
                />
              </View>
            </View>
          </View>
        </View>
      </View>
    </View>
  </View>
  <RCTScrollView
    data={Array []}
    disableVirtualization={false}
    getItem={[Function]}
    getItemCount={[Function]}
    horizontal={false}
    initialNumToRender={10}
    keyExtractor={[Function]}
    maxToRenderPerBatch={10}
    numColumns={1}
    onContentSizeChange={[Function]}
    onEndReachedThreshold={2}
    onLayout={[Function]}
    onMomentumScrollEnd={[Function]}
    onScroll={[Function]}
    onScrollBeginDrag={[Function]}
    onScrollEndDrag={[Function]}
    removeClippedSubviews={false}
    renderItem={[Function]}
    scrollEventThrottle={50}
    stickyHeaderIndices={Array []}
    updateCellsBatchingPeriod={50}
    viewabilityConfigCallbackPairs={Array []}
    windowSize={21}
  >
    <View />
  </RCTScrollView>
</View>
`;
